<html>
<body>
<pre>
<h1>µVision Build Log</h1>
<h2>Tool Versions:</h2>
IDE-Version: ¦ÌVision V5.26.2.0
Copyright (C) 2018 ARM Ltd and ARM Germany GmbH. All rights reserved.
License Information: test test, test, LIC=----
 
Tool Versions:
Toolchain:       MDK-Lite  Version: 5.26.2.0
Toolchain Path:  C:\Keil_v5\ARM\ARMCC\Bin
C Compiler:      Armcc.exe V5.06 update 6 (build 750)
Assembler:       Armasm.exe V5.06 update 6 (build 750)
Linker/Locator:  ArmLink.exe V5.06 update 6 (build 750)
Library Manager: ArmAr.exe V5.06 update 6 (build 750)
Hex Converter:   FromElf.exe V5.06 update 6 (build 750)
CPU DLL:         SARMCM3.DLL V5.26.2.0
Dialog DLL:      DARMSTM.DLL V1.68.0.0
Target DLL:      UL2CM3.DLL V1.161.6.0
Dialog DLL:      DARMSTM.DLL V1.68.0.0
 
<h2>Project:</h2>
C:\Users\test\Desktop\¹«Ë¾\orientation_priv\template\build\mdk\fsm.uvprojx
Project File Date:  04/08/2019

<h2>Output:</h2>
*** Using Compiler 'V5.06 update 6 (build 750)', folder: 'C:\Keil_v5\ARM\ARMCC\Bin'
Build target 'fsm'
compiling critical_sector.c...
compiling print_string.c...
..\..\platform\print_string\print_string.c(42): warning:  #223-D: function "serial_out" declared implicitly
              if (serial_out(*this.pchString)) {
..\..\platform\print_string\print_string.c(49): warning:  #111-D: statement is unreachable
              break;
..\..\platform\print_string\print_string.c: 2 warnings, 0 errors
compiling check_string.c...
..\..\platform\check_string\check_string.c(43): warning:  #223-D: function "serial_in" declared implicitly
              if (serial_in(&this.chCurrentByte)) {
..\..\platform\check_string\check_string.c(59): warning:  #111-D: statement is unreachable
              break;
..\..\platform\check_string\check_string.c: 2 warnings, 0 errors
compiling main.c...
..\..\main.c(56): warning:  #111-D: statement is unreachable
              break;
..\..\main.c(78): warning:  #111-D: statement is unreachable
              break;
..\..\main.c(104): warning:  #111-D: statement is unreachable
              break;
..\..\main.c(137): warning:  #111-D: statement is unreachable
              break;
..\..\main.c: 4 warnings, 0 errors
linking...
Program Size: Code=3968 RO-data=292 RW-data=48 ZI-data=1088  
FromELF: creating hex file...
"fsm\fsm.axf" - 0 Error(s), 8 Warning(s).

<h2>Software Packages used:</h2>

Package Vendor: ARM
                http://www.keil.com/pack/ARM.CMSIS.5.4.0.pack
                ARM.CMSIS.5.4.0
                CMSIS (Cortex Microcontroller Software Interface Standard)
   * Component: CORE Version: 5.1.2

Package Vendor: Keil
                http://www.keil.com/pack/Keil.STM32F1xx_DFP.2.3.0.pack
                Keil.STM32F1xx_DFP.2.3.0
                STMicroelectronics STM32F1 Series Device Support, Drivers and Examples

<h2>Collection of Component include folders:</h2>
  .\RTE\_fsm
  C:\Keil_v5\ARM\PACK\ARM\CMSIS\5.4.0\CMSIS\Core\Include
  C:\Keil_v5\ARM\PACK\Keil\STM32F1xx_DFP\2.3.0\Device\Include

<h2>Collection of Component Files used:</h2>

   * Component: ARM::CMSIS:CORE:5.1.2
Build Time Elapsed:  00:00:02
</pre>
</body>
</html>
